# syntax=docker/dockerfile:1.0
# escape=\

FROM busybox AS main
CMD ["echo", "hello world!"]
